---
source: tests/tcp.rs
expression: list.data

---
- code: "395001"
  name: 主板Ａ股
- code: "395002"
  name: 主板Ｂ股
- code: "395004"
  name: "创业板\u0000\u0000"
- code: "395005"
  name: "主板DR\u0000\u0000"
- code: "395006"
  name: 创业板DR
- code: "395011"
  name: 封闭基金
- code: "395012"
  name: ＬＯＦｓ
- code: "395013"
  name: ＥＴＦｓ
- code: "395015"
  name: "REITS\u0000\u0000\u0000"
- code: "395021"
  name: 可 转 债
- code: "395022"
  name: "企业债\u0000\u0000"
- code: "395024"
  name: "公司债\u0000\u0000"
- code: "395031"
  name: "国债\u0000\u0000\u0000\u0000"
- code: "395032"
  name: 债券回购
- code: "395041"
  name: 股票权证
- code: "395099"
  name: 总 成 交
- code: "399001"
  name: 深证成指
- code: "399002"
  name: "深成指R\u0000"
- code: "399003"
  name: 成份Ｂ指
- code: "399004"
  name: 深证100R
- code: "399005"
  name: "中小100\u0000"
- code: "399006"
  name: 创业板指
- code: "399007"
  name: "深证300\u0000"
- code: "399008"
  name: "中小300\u0000"
- code: "399009"
  name: "深证200\u0000"
- code: "399010"
  name: "深证700\u0000"
- code: "399011"
  name: 深证1000
- code: "399012"
  name: "创业300\u0000"
- code: "399013"
  name: 深市精选
- code: "399015"
  name: 中小创新
- code: "399016"
  name: 深证创新
- code: "399017"
  name: "SME创新\u0000"
- code: "399018"
  name: 创业创新
- code: "399030"
  name: 碳科技30
- code: "399050"
  name: 创新引擎
- code: "399060"
  name: 碳科技60
- code: "399088"
  name: "深创100\u0000"
- code: "399100"
  name: 新 指 数
- code: "399101"
  name: 中小综指
- code: "399102"
  name: 创业板综
- code: "399103"
  name: 乐富指数
- code: "399106"
  name: 深证综指
- code: "399107"
  name: 深证Ａ指
- code: "399108"
  name: 深证Ｂ指
- code: "399231"
  name: 农林指数
- code: "399232"
  name: 采矿指数
- code: "399233"
  name: 制造指数
- code: "399234"
  name: 水电指数
- code: "399235"
  name: 建筑指数
- code: "399236"
  name: 批零指数
- code: "399237"
  name: 运输指数
- code: "399238"
  name: 餐饮指数
- code: "399239"
  name: "IT指数\u0000\u0000"
- code: "399240"
  name: 金融指数
- code: "399241"
  name: 地产指数
- code: "399242"
  name: 商务指数
- code: "399243"
  name: 科研指数
- code: "399244"
  name: 公共指数
- code: "399248"
  name: 文化指数
- code: "399249"
  name: 综企指数
- code: "399269"
  name: "创质量\u0000\u0000"
- code: "399275"
  name: "创医药\u0000\u0000"
- code: "399276"
  name: "创科技\u0000\u0000"
- code: "399277"
  name: 公共健康
- code: "399278"
  name: "长江100\u0000"
- code: "399279"
  name: 云科技50
- code: "399280"
  name: "生物50\u0000\u0000"
- code: "399281"
  name: "电子50\u0000\u0000"
- code: "399282"
  name: 大数据50
- code: "399283"
  name: 机器人50
- code: "399284"
  name: "AI 50\u0000\u0000\u0000"
- code: "399285"
  name: 物联网50
- code: "399286"
  name: 区块链50
- code: "399290"
  name: 深转交债
- code: "399291"
  name: 创精选88
- code: "399292"
  name: 民企发展
- code: "399293"
  name: 创业大盘
- code: "399294"
  name: "中小创Q\u0000"
- code: "399295"
  name: 创业蓝筹
- code: "399296"
  name: "创成长\u0000\u0000"
- code: "399297"
  name: "新浪100\u0000"
- code: "399298"
  name: 深信中高
- code: "399299"
  name: 深信中低
- code: "399300"
  name: "沪深300\u0000"
- code: "399301"
  name: 深信用债
- code: "399302"
  name: 深公司债
- code: "399303"
  name: 国证2000
- code: "399306"
  name: "深证ETF\u0000"
- code: "399307"
  name: 深证转债
- code: "399310"
  name: "国证A50\u0000"
- code: "399311"
  name: 国证1000
- code: "399312"
  name: "国证300\u0000"
- code: "399313"
  name: "巨潮100\u0000"
- code: "399314"
  name: 巨潮大盘
- code: "399315"
  name: 巨潮中盘
- code: "399316"
  name: 巨潮小盘
- code: "399317"
  name: 国证Ａ指
- code: "399318"
  name: 国证Ｂ指
- code: "399319"
  name: 资源优势
- code: "399320"
  name: 国证服务
- code: "399321"
  name: 国证红利
- code: "399322"
  name: 国证治理
- code: "399324"
  name: 深证红利
- code: "399326"
  name: "成长40\u0000\u0000"
- code: "399328"
  name: 深证治理
- code: "399330"
  name: "深证100\u0000"
- code: "399333"
  name: 中小100R
- code: "399335"
  name: 深证央企
- code: "399337"
  name: 深证民营
- code: "399339"
  name: 深证科技
- code: "399341"
  name: 深证责任
- code: "399344"
  name: 深证300R
- code: "399346"
  name: 深证成长
- code: "399348"
  name: 深证价值
- code: "399350"
  name: "皖江30\u0000\u0000"
- code: "399351"
  name: 创新示范
- code: "399352"
  name: 深企综指
- code: "399353"
  name: 国证物流
- code: "399354"
  name: 分析师指
- code: "399355"
  name: "长三角\u0000\u0000"
- code: "399356"
  name: "珠三角\u0000\u0000"
- code: "399357"
  name: "环渤海\u0000\u0000"
- code: "399358"
  name: 国证环保
- code: "399359"
  name: 国证基建
- code: "399360"
  name: "新硬件\u0000\u0000"
- code: "399361"
  name: 在线消费
- code: "399362"
  name: "民企100\u0000"
- code: "399363"
  name: "云科技\u0000\u0000"
- code: "399364"
  name: "消费100\u0000"
- code: "399365"
  name: 国证农业
- code: "399366"
  name: 国证大宗
- code: "399367"
  name: 1000地产
- code: "399368"
  name: 国证军工
- code: "399369"
  name: 国证责任
- code: "399370"
  name: 国证成长
- code: "399371"
  name: 国证价值
- code: "399372"
  name: 大盘成长
- code: "399373"
  name: 大盘价值
- code: "399374"
  name: 中盘成长
- code: "399375"
  name: 中盘价值
- code: "399376"
  name: 小盘成长
- code: "399377"
  name: 小盘价值
- code: "399378"
  name: "ESG 300\u0000"
- code: "399379"
  name: 国证基金
- code: "399380"
  name: "国证ETF\u0000"
- code: "399381"
  name: 1000能源
- code: "399382"
  name: 1000材料
- code: "399383"
  name: 1000工业
- code: "399384"
  name: 1000可选
- code: "399385"
  name: 1000消费
- code: "399386"
  name: 1000医药
- code: "399387"
  name: 1000金融
- code: "399388"
  name: 1000信息
- code: "399389"
  name: 国证通信
- code: "399390"
  name: 1000公用
- code: "399391"
  name: 投资时钟
- code: "399392"
  name: 国证新兴
- code: "399393"
  name: 国证地产
- code: "399394"
  name: 国证医药
- code: "399395"
  name: 国证有色
- code: "399396"
  name: 国证食品
- code: "399397"
  name: 国证文化
- code: "399398"
  name: 绩效指数
- code: "399399"
  name: "中经GDP\u0000"
- code: "399400"
  name: "大中盘\u0000\u0000"
- code: "399401"
  name: "中小盘\u0000\u0000"
- code: "399402"
  name: "周期100\u0000"
- code: "399403"
  name: "防御100\u0000"
- code: "399404"
  name: 大盘低波
- code: "399405"
  name: 大盘高贝
- code: "399406"
  name: 中盘低波
- code: "399407"
  name: 中盘高贝
- code: "399408"
  name: 小盘低波
- code: "399409"
  name: 小盘高贝
- code: "399410"
  name: 苏州率先
- code: "399411"
  name: "红利100\u0000"
- code: "399412"
  name: 国证新能
- code: "399413"
  name: 国证转债
- code: "399415"
  name: "I100\u0000\u0000\u0000\u0000"
- code: "399416"
  name: "I300\u0000\u0000\u0000\u0000"
- code: "399417"
  name: 新能源车
- code: "399418"
  name: 国证国安
- code: "399419"
  name: 国证高铁
- code: "399420"
  name: 国证保证
- code: "399422"
  name: "中关村A\u0000"
- code: "399423"
  name: 中关村50
- code: "399427"
  name: 专利领先
- code: "399428"
  name: 国证定增
- code: "399429"
  name: "新丝路\u0000\u0000"
- code: "399431"
  name: 国证银行
- code: "399432"
  name: 智能汽车
- code: "399433"
  name: 国证交运
- code: "399434"
  name: 国证传媒
- code: "399435"
  name: 国证农牧
- code: "399436"
  name: 国证煤炭
- code: "399437"
  name: 证券龙头
- code: "399438"
  name: 国证电力
- code: "399439"
  name: 国证油气
- code: "399440"
  name: 国证钢铁
- code: "399441"
  name: 生物医药
- code: "399481"
  name: 企债指数
- code: "399550"
  name: "央视50\u0000\u0000"
- code: "399551"
  name: 央视创新
- code: "399552"
  name: 央视成长
- code: "399553"
  name: 央视回报
- code: "399554"
  name: 央视治理
- code: "399555"
  name: 央视责任
- code: "399556"
  name: 央视生态
- code: "399557"
  name: 央视文化
- code: "399602"
  name: 中小成长
- code: "399604"
  name: 中小价值
- code: "399606"
  name: "创业板R\u0000"
- code: "399608"
  name: "科技100\u0000"
- code: "399610"
  name: "TMT50\u0000\u0000\u0000"
- code: "399611"
  name: 中创100R
- code: "399612"
  name: "中创100\u0000"
- code: "399613"
  name: 深证能源
- code: "399614"
  name: 深证材料
- code: "399615"
  name: 深证工业
- code: "399616"
  name: 深证可选
- code: "399617"
  name: 深证消费
- code: "399618"
  name: 深证医药
- code: "399619"
  name: 深证金融
- code: "399620"
  name: 深证信息
- code: "399621"
  name: 深证电信
- code: "399622"
  name: 深证公用
- code: "399623"
  name: 中小基础
- code: "399624"
  name: "中创400\u0000"
- code: "399625"
  name: "中创500\u0000"
- code: "399626"
  name: 中创成长
- code: "399627"
  name: 中创价值
- code: "399628"
  name: "700成长\u0000"
- code: "399629"
  name: "700价值\u0000"
- code: "399630"
  name: 1000成长
- code: "399631"
  name: 1000价值
- code: "399632"
  name: "深100EW\u0000"
- code: "399633"
  name: "深300EW\u0000"
- code: "399634"
  name: 中小等权
- code: "399635"
  name: 创业板EW
- code: "399636"
  name: 深证装备
- code: "399637"
  name: 深证地产
- code: "399638"
  name: 深证环保
- code: "399639"
  name: 深证大宗
- code: "399640"
  name: 创业基础
- code: "399641"
  name: 深证新兴
- code: "399642"
  name: 中小新兴
- code: "399643"
  name: 创业新兴
- code: "399644"
  name: 深证时钟
- code: "399645"
  name: "100低波\u0000"
- code: "399646"
  name: 深消费50
- code: "399647"
  name: 深医药50
- code: "399648"
  name: "深证GDP\u0000"
- code: "399649"
  name: 中小红利
- code: "399650"
  name: 中小治理
- code: "399651"
  name: 中小责任
- code: "399652"
  name: 中创高新
- code: "399653"
  name: 深证龙头
- code: "399654"
  name: 深证文化
- code: "399655"
  name: 深证绩效
- code: "399656"
  name: "100绩效\u0000"
- code: "399657"
  name: "300绩效\u0000"
- code: "399658"
  name: 中小绩效
- code: "399659"
  name: 深成指EW
- code: "399660"
  name: "中创EW\u0000\u0000"
- code: "399661"
  name: 深证低波
- code: "399662"
  name: 深证高贝
- code: "399663"
  name: 中小低波
- code: "399664"
  name: 中小高贝
- code: "399665"
  name: 中创低波
- code: "399666"
  name: 中创高贝
- code: "399667"
  name: "创业板G\u0000"
- code: "399668"
  name: "创业板V\u0000"
- code: "399669"
  name: 深证农业
- code: "399670"
  name: 深周期50
- code: "399671"
  name: 深防御50
- code: "399672"
  name: 深红利50
- code: "399673"
  name: 创业板50
- code: "399674"
  name: "深A医药\u0000"
- code: "399675"
  name: 深互联网
- code: "399676"
  name: 深医药EW
- code: "399677"
  name: 深互联EW
- code: "399678"
  name: 深次新股
- code: "399679"
  name: 深证200R
- code: "399680"
  name: 深成能源
- code: "399681"
  name: 深成材料
- code: "399682"
  name: 深成工业
- code: "399683"
  name: 深成可选
- code: "399684"
  name: 深成消费
- code: "399685"
  name: 深成医药
- code: "399686"
  name: 深成金融
- code: "399687"
  name: 深成信息
- code: "399688"
  name: 深成电信
- code: "399689"
  name: 深成公用
- code: "399690"
  name: 中小专利
- code: "399691"
  name: 创业专利
- code: "399692"
  name: 创业低波
- code: "399693"
  name: 安防产业
- code: "399694"
  name: 创业高贝
- code: "399695"
  name: 深证节能
- code: "399696"
  name: 深证创投
- code: "399697"
  name: 中关村60
- code: "399698"
  name: 优势成长
- code: "399699"
  name: 金融科技
- code: "399701"
  name: "深证F60\u0000"
- code: "399702"
  name: 深证F120
- code: "399703"
  name: 深证F200
- code: "399704"
  name: 深证上游
- code: "399705"
  name: 深证中游
- code: "399706"
  name: 深证下游
- code: "399707"
  name: CSSW证券
- code: "399802"
  name: "500深市\u0000"
- code: "399803"
  name: "工业4.0\u0000"
- code: "399804"
  name: 中证体育
- code: "399805"
  name: 互联金融
- code: "399806"
  name: 环境治理
- code: "399807"
  name: 高铁产业
- code: "399808"
  name: 中证新能
- code: "399809"
  name: 保险主题
- code: "399810"
  name: CSSW传媒
- code: "399811"
  name: CSSW电子
- code: "399812"
  name: 养老产业
- code: "399813"
  name: 中证国安
- code: "399814"
  name: "大农业\u0000\u0000"
- code: "399817"
  name: "生态100\u0000"
- code: "399901"
  name: 小康指数
- code: "399903"
  name: "中证100\u0000"
- code: "399905"
  name: 中证 500
- code: "399913"
  name: 300 医药
- code: "399914"
  name: 300 金融
- code: "399928"
  name: 中证能源
- code: "399932"
  name: 中证消费
- code: "399933"
  name: 中证医药
- code: "399934"
  name: 中证金融
- code: "399935"
  name: 中证信息
- code: "399959"
  name: 军工指数
- code: "399965"
  name: "800地产\u0000"
- code: "399966"
  name: "800非银\u0000"
- code: "399967"
  name: 中证军工
- code: "399970"
  name: 移动互联
- code: "399971"
  name: 中证传媒
- code: "399972"
  name: "300深市\u0000"
- code: "399973"
  name: 中证国防
- code: "399974"
  name: 国企改革
- code: "399975"
  name: 证券公司
- code: "399976"
  name: CS新能车
- code: "399982"
  name: "500等权\u0000"
- code: "399983"
  name: 地产等权
- code: "399986"
  name: 中证银行
- code: "399987"
  name: "中证酒\u0000\u0000"
- code: "399989"
  name: 中证医疗
- code: "399990"
  name: 煤炭等权
- code: "399991"
  name: 一带一路
- code: "399992"
  name: CSWD并购
- code: "399993"
  name: CSWD生科
- code: "399994"
  name: 信息安全
- code: "399995"
  name: 基建工程
- code: "399996"
  name: 智能家居
- code: "399997"
  name: 中证白酒
- code: "399998"
  name: 中证煤炭
- code: "000001"
  name: 平安银行
- code: "000002"
  name: "万 科Ａ\u0000"
- code: "000004"
  name: 国华网安
- code: "000005"
  name: "ST星源\u0000\u0000"
- code: "000006"
  name: 深振业Ａ
- code: "000007"
  name: "*ST全新\u0000"
- code: "000008"
  name: 神州高铁
- code: "000009"
  name: 中国宝安
- code: "000010"
  name: 美丽生态
- code: "000011"
  name: "深物业A\u0000"
- code: "000012"
  name: "南 玻Ａ\u0000"
- code: "000014"
  name: 沙河股份
- code: "000016"
  name: 深康佳Ａ
- code: "000017"
  name: "深中华A\u0000"
- code: "000019"
  name: 深粮控股
- code: "000020"
  name: 深华发Ａ
- code: "000021"
  name: "深科技\u0000\u0000"
- code: "000023"
  name: 深天地Ａ
- code: "000025"
  name: "特 力Ａ\u0000"
- code: "000026"
  name: "飞亚达\u0000\u0000"
- code: "000027"
  name: 深圳能源
- code: "000028"
  name: 国药一致
- code: "000029"
  name: 深深房Ａ
- code: "000030"
  name: 富奥股份
- code: "000031"
  name: "大悦城\u0000\u0000"
- code: "000032"
  name: 深桑达Ａ
- code: "000034"
  name: 神州数码
- code: "000035"
  name: 中国天楹
- code: "000036"
  name: 华联控股
- code: "000037"
  name: "深南电A\u0000"
- code: "000038"
  name: "深大通\u0000\u0000"
- code: "000039"
  name: 中集集团
- code: "000040"
  name: 东旭蓝天
- code: "000042"
  name: 中洲控股
- code: "000045"
  name: 深纺织Ａ
- code: "000046"
  name: 泛海控股
- code: "000048"
  name: 京基智农
- code: "000049"
  name: 德赛电池
- code: "000050"
  name: 深天马Ａ
- code: "000055"
  name: 方大集团
- code: "000056"
  name: 皇庭国际
- code: "000058"
  name: 深 赛 格
- code: "000059"
  name: 华锦股份
- code: "000060"
  name: 中金岭南
- code: "000061"
  name: 农 产 品
- code: "000062"
  name: 深圳华强
- code: "000063"
  name: 中兴通讯
- code: "000065"
  name: 北方国际
- code: "000066"
  name: 中国长城
- code: "000068"
  name: 华控赛格
- code: "000069"
  name: 华侨城Ａ
- code: "000070"
  name: 特发信息
- code: "000078"
  name: 海王生物
- code: "000088"
  name: 盐 田 港
- code: "000089"
  name: 深圳机场
- code: "000090"
  name: 天健集团
- code: "000096"
  name: 广聚能源
- code: "000099"
  name: 中信海直
- code: "000100"
  name: "TCL科技\u0000"
- code: "000150"
  name: 宜华健康
- code: "000151"
  name: 中成股份
- code: "000153"
  name: 丰原药业
- code: "000155"
  name: 川能动力
- code: "000156"
  name: 华数传媒
- code: "000157"
  name: 中联重科
- code: "000158"
  name: 常山北明
- code: "000159"
  name: 国际实业
- code: "000166"
  name: 申万宏源
- code: "000301"
  name: 东方盛虹
- code: "000333"
  name: 美的集团
- code: "000338"
  name: 潍柴动力
- code: "000400"
  name: 许继电气
- code: "000401"
  name: 冀东水泥
- code: "000402"
  name: 金 融 街
- code: "000403"
  name: 派林生物
- code: "000404"
  name: 长虹华意
- code: "000407"
  name: 胜利股份
- code: "000408"
  name: 藏格控股
- code: "000409"
  name: 云鼎科技
- code: "000410"
  name: "ST沈机\u0000\u0000"
- code: "000411"
  name: 英特集团
- code: "000413"
  name: 东旭光电
- code: "000415"
  name: 渤海租赁
- code: "000416"
  name: 民生控股
- code: "000417"
  name: 合肥百货
- code: "000419"
  name: 通程控股
- code: "000420"
  name: 吉林化纤
- code: "000421"
  name: 南京公用
- code: "000422"
  name: 湖北宜化
- code: "000423"
  name: 东阿阿胶
- code: "000425"
  name: 徐工机械
- code: "000426"
  name: 兴业矿业
- code: "000428"
  name: 华天酒店
- code: "000429"
  name: 粤高速Ａ
- code: "000430"
  name: "张家界\u0000\u0000"
- code: "000488"
  name: 晨鸣纸业
- code: "000498"
  name: 山东路桥
- code: "000501"
  name: 鄂武商Ａ
- code: "000502"
  name: "*ST绿景\u0000"
- code: "000503"
  name: 国新健康
- code: "000504"
  name: 南华生物
- code: "000505"
  name: 京粮控股
- code: "000506"
  name: 中润资源
- code: "000507"
  name: "珠海港\u0000\u0000"
- code: "000509"
  name: "*ST华塑\u0000"
- code: "000510"
  name: "新金路\u0000\u0000"
- code: "000513"
  name: 丽珠集团
- code: "000514"
  name: 渝 开 发
- code: "000516"
  name: 国际医学
- code: "000517"
  name: 荣安地产
- code: "000518"
  name: 四环生物
- code: "000519"
  name: 中兵红箭
- code: "000520"
  name: 长航凤凰
- code: "000521"
  name: 长虹美菱
- code: "000523"
  name: "*ST浪奇\u0000"
- code: "000524"
  name: 岭南控股
- code: "000525"
  name: ST红太阳
- code: "000526"
  name: 学大教育
- code: "000528"
  name: "柳 工\u0000\u0000\u0000"
- code: "000529"
  name: 广弘控股
- code: "000530"
  name: 冰山冷热
- code: "000531"
  name: 穗恒运Ａ
- code: "000532"
  name: 华金资本
- code: "000533"
  name: 顺钠股份
- code: "000534"
  name: 万泽股份
- code: "000536"
  name: 华映科技
- code: "000537"
  name: 广宇发展
- code: "000538"
  name: 云南白药
- code: "000539"
  name: 粤电力Ａ
- code: "000540"
  name: 中天金融
- code: "000541"
  name: 佛山照明
- code: "000543"
  name: 皖能电力
- code: "000544"
  name: 中原环保
- code: "000545"
  name: 金浦钛业
- code: "000546"
  name: 金圆股份
- code: "000547"
  name: 航天发展
- code: "000548"
  name: 湖南投资
- code: "000550"
  name: 江铃汽车
- code: "000551"
  name: 创元科技
- code: "000552"
  name: 靖远煤电
- code: "000553"
  name: "安道麦A\u0000"
- code: "000554"
  name: 泰山石油
- code: "000555"
  name: 神州信息
- code: "000557"
  name: 西部创业
- code: "000558"
  name: 莱茵体育
- code: "000559"
  name: 万向钱潮
- code: "000560"
  name: 我爱我家
- code: "000561"
  name: 烽火电子
- code: "000563"
  name: 陕国投Ａ
- code: "000564"
  name: "*ST大集\u0000"
- code: "000565"
  name: 渝三峡Ａ
- code: "000566"
  name: 海南海药
- code: "000567"
  name: 海德股份
- code: "000568"
  name: 泸州老窖
- code: "000570"
  name: 苏常柴Ａ
- code: "000571"
  name: "ST大洲\u0000\u0000"
- code: "000572"
  name: 海马汽车
- code: "000573"
  name: 粤宏远Ａ
- code: "000576"
  name: 甘化科工
- code: "000581"
  name: 威孚高科
- code: "000582"
  name: 北部湾港
- code: "000584"
  name: 哈工智能
- code: "000585"
  name: "*ST东电\u0000"
- code: "000586"
  name: 汇源通信
- code: "000587"
  name: "*ST金洲\u0000"
- code: "000589"
  name: 贵州轮胎
- code: "000590"
  name: 启迪药业
- code: "000591"
  name: "太阳能\u0000\u0000"
- code: "000592"
  name: 平潭发展
- code: "000593"
  name: 大通燃气
- code: "000595"
  name: 宝塔实业
- code: "000596"
  name: 古井贡酒
- code: "000597"
  name: 东北制药
- code: "000598"
  name: 兴蓉环境
- code: "000599"
  name: 青岛双星
- code: "000600"
  name: 建投能源
- code: "000601"
  name: 韶能股份
- code: "000603"
  name: 盛达资源
- code: "000605"
  name: 渤海股份
- code: "000606"
  name: "ST顺利\u0000\u0000"
- code: "000607"
  name: 华媒控股
- code: "000608"
  name: 阳光股份
- code: "000609"
  name: "*ST中迪\u0000"
- code: "000610"
  name: 西安旅游
- code: "000611"
  name: "*ST天首\u0000"
- code: "000612"
  name: 焦作万方
- code: "000613"
  name: "*ST东海A"
- code: "000615"
  name: 奥园美谷
- code: "000616"
  name: "ST海投\u0000\u0000"
- code: "000617"
  name: 中油资本
- code: "000619"
  name: 海螺型材
- code: "000620"
  name: "新华联\u0000\u0000"
- code: "000622"
  name: 恒立实业
- code: "000623"
  name: 吉林敖东
- code: "000625"
  name: 长安汽车
- code: "000626"
  name: 远大控股
- code: "000627"
  name: 天茂集团
- code: "000628"
  name: 高新发展
- code: "000629"
  name: 攀钢钒钛
- code: "000630"
  name: 铜陵有色
- code: "000631"
  name: 顺发恒业
- code: "000632"
  name: 三木集团
- code: "000633"
  name: 合金投资
- code: "000635"
  name: 英 力 特
- code: "000636"
  name: 风华高科
- code: "000637"
  name: 茂化实华
- code: "000638"
  name: "*ST万方\u0000"
- code: "000639"
  name: 西王食品
- code: "000650"
  name: 仁和药业
- code: "000651"
  name: 格力电器
- code: "000652"
  name: 泰达股份
- code: "000655"
  name: 金岭矿业
- code: "000656"
  name: 金科股份
- code: "000657"
  name: 中钨高新
- code: "000659"
  name: 珠海中富
- code: "000661"
  name: 长春高新
- code: "000663"
  name: 永安林业
- code: "000665"
  name: 湖北广电
- code: "000666"
  name: 经纬纺机
- code: "000667"
  name: 美好置业
- code: "000668"
  name: 荣丰控股
- code: "000669"
  name: "ST金鸿\u0000\u0000"
- code: "000671"
  name: 阳 光 城
- code: "000672"
  name: 上峰水泥
- code: "000673"
  name: "*ST当代\u0000"
- code: "000676"
  name: 智度股份
- code: "000677"
  name: 恒天海龙
- code: "000678"
  name: 襄阳轴承
- code: "000679"
  name: 大连友谊
- code: "000680"
  name: 山推股份
- code: "000681"
  name: 视觉中国
- code: "000682"
  name: 东方电子
- code: "000683"
  name: 远兴能源
- code: "000685"
  name: 中山公用
- code: "000686"
  name: 东北证券
- code: "000687"
  name: "*ST华讯\u0000"
- code: "000688"
  name: 国城矿业
- code: "000690"
  name: 宝新能源
- code: "000691"
  name: 亚太实业
- code: "000692"
  name: 惠天热电
- code: "000695"
  name: 滨海能源
- code: "000697"
  name: 炼石航空
- code: "000698"
  name: 沈阳化工
- code: "000700"
  name: 模塑科技
- code: "000701"
  name: 厦门信达
- code: "000702"
  name: 正虹科技
- code: "000703"
  name: 恒逸石化
- code: "000705"
  name: 浙江震元
- code: "000707"
  name: "*ST双环\u0000"
- code: "000708"
  name: 中信特钢
- code: "000709"
  name: 河钢股份
- code: "000710"
  name: 贝瑞基因
- code: "000711"
  name: 京蓝科技
- code: "000712"
  name: 锦龙股份
- code: "000713"
  name: 丰乐种业
- code: "000715"
  name: 中兴商业
- code: "000716"
  name: "黑芝麻\u0000\u0000"
- code: "000717"
  name: 韶钢松山
- code: "000718"
  name: 苏宁环球
- code: "000719"
  name: 中原传媒
- code: "000720"
  name: 新能泰山
- code: "000721"
  name: 西安饮食
- code: "000722"
  name: 湖南发展
- code: "000723"
  name: 美锦能源
- code: "000725"
  name: 京东方Ａ
- code: "000726"
  name: "鲁 泰Ａ\u0000"
- code: "000727"
  name: 冠捷科技
- code: "000728"
  name: 国元证券
- code: "000729"
  name: 燕京啤酒
- code: "000731"
  name: 四川美丰
- code: "000732"
  name: 泰禾集团
- code: "000733"
  name: 振华科技
- code: "000735"
  name: 罗 牛 山
- code: "000736"
  name: 中交地产
- code: "000737"
  name: 南风化工
- code: "000738"
  name: 航发控制
- code: "000739"
  name: 普洛药业
- code: "000750"
  name: 国海证券
- code: "000751"
  name: 锌业股份
- code: "000752"
  name: "*ST西发\u0000"
- code: "000753"
  name: 漳州发展
- code: "000755"
  name: 山西路桥
- code: "000756"
  name: 新华制药
- code: "000757"
  name: 浩物股份
- code: "000758"
  name: 中色股份
- code: "000759"
  name: 中百集团
- code: "000761"
  name: 本钢板材
- code: "000762"
  name: 西藏矿业
- code: "000766"
  name: 通化金马
- code: "000767"
  name: 晋控电力
- code: "000768"
  name: 中航西飞
- code: "000776"
  name: 广发证券
- code: "000777"
  name: 中核科技
- code: "000778"
  name: 新兴铸管
- code: "000779"
  name: "甘咨询\u0000\u0000"
- code: "000780"
  name: "ST平能\u0000\u0000"
- code: "000782"
  name: 美达股份
- code: "000783"
  name: 长江证券
- code: "000785"
  name: 居然之家
- code: "000786"
  name: 北新建材
- code: "000788"
  name: 北大医药
- code: "000789"
  name: "万年青\u0000\u0000"
- code: "000790"
  name: 华神科技
- code: "000791"
  name: 甘肃电投
- code: "000792"
  name: 盐湖股份
- code: "000793"
  name: 华闻集团
- code: "000795"
  name: "英洛华\u0000\u0000"
- code: "000796"
  name: 凯撒旅业
- code: "000797"
  name: 中国武夷
- code: "000798"
  name: 中水渔业
- code: "000799"
  name: "酒鬼酒\u0000\u0000"
- code: "000800"
  name: 一汽解放
- code: "000801"
  name: 四川九洲
- code: "000802"
  name: "ST北文\u0000\u0000"
- code: "000803"
  name: 北清环能
- code: "000806"
  name: "ST银河\u0000\u0000"
- code: "000807"
  name: 云铝股份
- code: "000809"
  name: 铁岭新城
- code: "000810"
  name: 创维数字
- code: "000811"
  name: 冰轮环境
- code: "000812"
  name: 陕西金叶
- code: "000813"
  name: 德展健康
- code: "000815"
  name: "美利云\u0000\u0000"
- code: "000816"
  name: 智慧农业
- code: "000818"
  name: 航锦科技
- code: "000819"
  name: 岳阳兴长
- code: "000820"
  name: "*ST节能\u0000"
- code: "000821"
  name: 京山轻机
- code: "000822"
  name: 山东海化
- code: "000823"
  name: 超声电子
- code: "000825"
  name: 太钢不锈
- code: "000826"
  name: 启迪环境
- code: "000828"
  name: 东莞控股
- code: "000829"
  name: 天音控股
- code: "000830"
  name: 鲁西化工
- code: "000831"
  name: 五矿稀土
- code: "000833"
  name: 粤桂股份
- code: "000835"
  name: "*ST长动\u0000"
- code: "000836"
  name: 富通信息
- code: "000837"
  name: 秦川机床
- code: "000838"
  name: 财信发展
- code: "000839"
  name: 中信国安
- code: "000848"
  name: 承德露露
- code: "000850"
  name: 华茂股份
- code: "000851"
  name: 高鸿股份
- code: "000852"
  name: 石化机械
- code: "000856"
  name: 冀东装备
- code: "000858"
  name: 五 粮 液
- code: "000859"
  name: 国风塑业
- code: "000860"
  name: 顺鑫农业
- code: "000861"
  name: 海印股份
- code: "000862"
  name: 银星能源
- code: "000863"
  name: 三湘印象
- code: "000868"
  name: 安凯客车
- code: "000869"
  name: "张 裕Ａ\u0000"
- code: "000875"
  name: 吉电股份
- code: "000876"
  name: 新 希 望
- code: "000877"
  name: 天山股份
- code: "000878"
  name: 云南铜业
- code: "000880"
  name: 潍柴重机
- code: "000881"
  name: 中广核技
- code: "000882"
  name: 华联股份
- code: "000883"
  name: 湖北能源
- code: "000885"
  name: 城发环境
- code: "000886"
  name: 海南高速
- code: "000887"
  name: 中鼎股份
- code: "000888"
  name: 峨眉山Ａ
- code: "000889"
  name: 中嘉博创
- code: "000890"
  name: "法尔胜\u0000\u0000"
- code: "000892"
  name: 欢瑞世纪
- code: "000893"
  name: 亚钾国际
- code: "000895"
  name: 双汇发展
- code: "000897"
  name: 津滨发展
- code: "000898"
  name: 鞍钢股份
- code: "000899"
  name: 赣能股份
- code: "000900"
  name: 现代投资
- code: "000901"
  name: 航天科技
- code: "000902"
  name: "新洋丰\u0000\u0000"
- code: "000903"
  name: 云内动力
- code: "000905"
  name: 厦门港务
- code: "000906"
  name: 浙商中拓
- code: "000908"
  name: 景峰医药
- code: "000909"
  name: 数源科技
- code: "000910"
  name: 大亚圣象
- code: "000911"
  name: 南宁糖业
- code: "000912"
  name: "泸天化\u0000\u0000"
- code: "000913"
  name: 钱江摩托
- code: "000915"
  name: 华特达因
- code: "000917"
  name: 电广传媒
- code: "000918"
  name: "嘉凯城\u0000\u0000"
- code: "000919"
  name: 金陵药业
- code: "000920"
  name: 沃顿科技
- code: "000921"
  name: 海信家电
- code: "000922"
  name: 佳电股份
- code: "000923"
  name: 河钢资源
- code: "000925"
  name: 众合科技
- code: "000926"
  name: 福星股份
- code: "000927"
  name: 中国铁物
- code: "000928"
  name: 中钢国际
- code: "000929"
  name: 兰州黄河
- code: "000930"
  name: 中粮科技
- code: "000931"
  name: 中 关 村
- code: "000932"
  name: 华菱钢铁
- code: "000933"
  name: 神火股份
- code: "000935"
  name: 四川双马
- code: "000936"
  name: 华西股份
- code: "000937"
  name: 冀中能源
- code: "000938"
  name: 紫光股份
- code: "000948"
  name: 南天信息
- code: "000949"
  name: 新乡化纤
- code: "000950"
  name: 重药控股
- code: "000951"
  name: 中国重汽
- code: "000952"
  name: 广济药业
- code: "000953"
  name: 河化股份
- code: "000955"
  name: 欣龙控股
- code: "000957"
  name: 中通客车
- code: "000958"
  name: 东方能源
- code: "000959"
  name: 首钢股份
- code: "000960"
  name: 锡业股份
- code: "000961"
  name: 中南建设
- code: "000962"
  name: 东方钽业
- code: "000963"
  name: 华东医药
- code: "000965"
  name: 天保基建
- code: "000966"
  name: 长源电力
- code: "000967"
  name: 盈峰环境
- code: "000968"
  name: 蓝焰控股
- code: "000969"
  name: 安泰科技
- code: "000970"
  name: 中科三环
- code: "000971"
  name: "ST高升\u0000\u0000"
- code: "000972"
  name: "*ST中基\u0000"
- code: "000973"
  name: 佛塑科技
- code: "000975"
  name: 银泰黄金
- code: "000976"
  name: 华铁股份
- code: "000977"
  name: 浪潮信息
- code: "000978"
  name: 桂林旅游
- code: "000980"
  name: "*ST众泰\u0000"
- code: "000981"
  name: "*ST银亿\u0000"
- code: "000982"
  name: 中银绒业
- code: "000983"
  name: 山西焦煤
- code: "000985"
  name: 大庆华科
- code: "000987"
  name: 越秀金控
- code: "000988"
  name: 华工科技
- code: "000989"
  name: 九 芝 堂
- code: "000990"
  name: 诚志股份
- code: "000993"
  name: 闽东电力
- code: "000995"
  name: 皇台酒业
- code: "000996"
  name: 中国中期
- code: "000997"
  name: 新 大 陆
- code: "000998"
  name: 隆平高科
- code: "000999"
  name: 华润三九
- code: "001201"
  name: 东瑞股份
- code: "001202"
  name: 炬申股份
- code: "001203"
  name: 大中矿业
- code: "001205"
  name: 盛航股份
- code: "001206"
  name: 依依股份
- code: "001207"
  name: 联科科技
- code: "001208"
  name: 华菱线缆
- code: "001209"
  name: 洪兴股份
- code: "001210"
  name: 金房节能
- code: "001211"
  name: 双枪科技
- code: "001212"
  name: 中旗新材
- code: "001213"
  name: 中铁特货
- code: "001215"
  name: 千味央厨
- code: "001217"
  name: "华尔泰\u0000\u0000"
- code: "001219"
  name: 青岛食品
- code: "001696"
  name: 宗申动力
- code: "001872"
  name: 招商港口
- code: "001896"
  name: 豫能控股
- code: "001914"
  name: 招商积余
- code: "001965"
  name: 招商公路
- code: "001979"
  name: 招商蛇口
- code: "002001"
  name: 新 和 成
- code: "002002"
  name: 鸿达兴业
- code: "002003"
  name: 伟星股份
- code: "002004"
  name: 华邦健康
- code: "002005"
  name: "ST德豪\u0000\u0000"
- code: "002006"
  name: 精功科技
- code: "002007"
  name: 华兰生物
- code: "002008"
  name: 大族激光
- code: "002009"
  name: 天奇股份
- code: "002010"
  name: 传化智联
- code: "002011"
  name: 盾安环境
- code: "002012"
  name: 凯恩股份
- code: "002013"
  name: 中航机电
- code: "002014"
  name: 永新股份
- code: "002015"
  name: 协鑫能科
- code: "002016"
  name: 世荣兆业
- code: "002017"
  name: 东信和平
- code: "002019"
  name: 亿帆医药
- code: "002020"
  name: 京新药业
- code: "002021"
  name: "ST中捷\u0000\u0000"
- code: "002022"
  name: 科华生物
- code: "002023"
  name: 海特高新
- code: "002024"
  name: 苏宁易购
- code: "002025"
  name: 航天电器
- code: "002026"
  name: 山东威达
- code: "002027"
  name: 分众传媒
- code: "002028"
  name: 思源电气
- code: "002029"
  name: 七 匹 狼
- code: "002030"
  name: 达安基因
- code: "002031"
  name: 巨轮智能
- code: "002032"
  name: 苏 泊 尔
- code: "002033"
  name: 丽江股份
- code: "002034"
  name: 旺能环境
- code: "002035"
  name: 华帝股份
- code: "002036"
  name: 联创电子
- code: "002037"
  name: 保利联合
- code: "002038"
  name: 双鹭药业
- code: "002039"
  name: 黔源电力
- code: "002040"
  name: 南 京 港
- code: "002041"
  name: 登海种业
- code: "002042"
  name: 华孚时尚
- code: "002043"
  name: 兔 宝 宝
- code: "002044"
  name: 美年健康
- code: "002045"
  name: 国光电器
- code: "002046"
  name: 国机精工
- code: "002047"
  name: 宝鹰股份
- code: "002048"
  name: 宁波华翔
- code: "002049"
  name: 紫光国微
- code: "002050"
  name: 三花智控
- code: "002051"
  name: 中工国际
- code: "002052"
  name: "ST同洲\u0000\u0000"
- code: "002053"
  name: 云南能投
- code: "002054"
  name: 德美化工
- code: "002055"
  name: 得润电子
- code: "002056"
  name: 横店东磁
- code: "002057"
  name: 中钢天源
- code: "002058"
  name: "*ST威尔\u0000"
- code: "002059"
  name: 云南旅游
- code: "002060"
  name: 粤 水 电
- code: "002061"
  name: 浙江交科
- code: "002062"
  name: 宏润建设
- code: "002063"
  name: 远光软件
- code: "002064"
  name: 华峰化学
- code: "002065"
  name: 东华软件
- code: "002066"
  name: 瑞泰科技
- code: "002067"
  name: 景兴纸业
- code: "002068"
  name: 黑猫股份
- code: "002069"
  name: "獐子岛\u0000\u0000"
- code: "002072"
  name: "*ST凯瑞\u0000"
- code: "002073"
  name: 软控股份
- code: "002074"
  name: 国轩高科
- code: "002075"
  name: 沙钢股份
- code: "002076"
  name: "ST雪莱\u0000\u0000"
- code: "002077"
  name: 大港股份
- code: "002078"
  name: 太阳纸业
- code: "002079"
  name: 苏州固锝
- code: "002080"
  name: 中材科技
- code: "002081"
  name: 金 螳 螂
- code: "002082"
  name: "万邦德\u0000\u0000"
- code: "002083"
  name: 孚日股份
- code: "002084"
  name: 海鸥住工
- code: "002085"
  name: 万丰奥威
- code: "002086"
  name: "*ST东洋\u0000"
- code: "002087"
  name: 新野纺织
- code: "002088"
  name: 鲁阳节能
- code: "002089"
  name: "ST新海\u0000\u0000"
- code: "002090"
  name: 金智科技
- code: "002091"
  name: 江苏国泰
- code: "002092"
  name: 中泰化学
- code: "002093"
  name: 国脉科技
- code: "002094"
  name: 青岛金王
- code: "002095"
  name: 生 意 宝
- code: "002096"
  name: 南岭民爆
- code: "002097"
  name: 山河智能
- code: "002098"
  name: 浔兴股份
- code: "002099"
  name: 海翔药业
- code: "002100"
  name: 天康生物
- code: "002101"
  name: 广东鸿图
- code: "002102"
  name: "ST冠福\u0000\u0000"
- code: "002103"
  name: 广博股份
- code: "002104"
  name: 恒宝股份
- code: "002105"
  name: 信隆健康
- code: "002106"
  name: 莱宝高科
- code: "002107"
  name: 沃华医药
- code: "002108"
  name: 沧州明珠
- code: "002109"
  name: 兴化股份
- code: "002110"
  name: 三钢闽光
- code: "002111"
  name: 威海广泰
- code: "002112"
  name: 三变科技
- code: "002113"
  name: "ST天润\u0000\u0000"
- code: "002114"
  name: 罗平锌电
- code: "002115"
  name: 三维通信
- code: "002116"
  name: 中国海诚
- code: "002117"
  name: 东港股份
- code: "002118"
  name: 紫鑫药业
- code: "002119"
  name: 康强电子
- code: "002120"
  name: 韵达股份
- code: "002121"
  name: 科陆电子
- code: "002122"
  name: "ST天马\u0000\u0000"
- code: "002123"
  name: 梦网科技
- code: "002124"
  name: 天邦股份
- code: "002125"
  name: 湘潭电化
- code: "002126"
  name: 银轮股份
- code: "002127"
  name: 南极电商
- code: "002128"
  name: 露天煤业
- code: "002129"
  name: 中环股份
- code: "002130"
  name: 沃尔核材
- code: "002131"
  name: 利欧股份
- code: "002132"
  name: 恒星科技
- code: "002133"
  name: 广宇集团
- code: "002134"
  name: 天津普林
- code: "002135"
  name: 东南网架
- code: "002136"
  name: 安 纳 达
- code: "002137"
  name: "实益达\u0000\u0000"
- code: "002138"
  name: 顺络电子
- code: "002139"
  name: 拓邦股份
- code: "002140"
  name: 东华科技
- code: "002141"
  name: 贤丰控股
- code: "002142"
  name: 宁波银行
- code: "002144"
  name: 宏达高科
- code: "002145"
  name: 中核钛白
- code: "002146"
  name: 荣盛发展
- code: "002147"
  name: "*ST新光\u0000"
- code: "002148"
  name: 北纬科技
- code: "002149"
  name: 西部材料
- code: "002150"
  name: 通润装备
- code: "002151"
  name: 北斗星通
- code: "002152"
  name: 广电运通
- code: "002153"
  name: 石基信息
- code: "002154"
  name: 报 喜 鸟
- code: "002155"
  name: 湖南黄金
- code: "002156"
  name: 通富微电
- code: "002157"
  name: 正邦科技
- code: "002158"
  name: 汉钟精机
- code: "002159"
  name: 三特索道
- code: "002160"
  name: 常铝股份
- code: "002161"
  name: 远 望 谷
- code: "002162"
  name: 悦心健康
- code: "002163"
  name: 海南发展
- code: "002164"
  name: 宁波东力
- code: "002165"
  name: 红 宝 丽
- code: "002166"
  name: 莱茵生物
- code: "002167"
  name: 东方锆业
- code: "002168"
  name: 惠程科技
- code: "002169"
  name: 智光电气
- code: "002170"
  name: 芭田股份
- code: "002171"
  name: 楚江新材
- code: "002172"
  name: 澳洋健康
- code: "002173"
  name: 创新医疗
- code: "002174"
  name: 游族网络

